"C:/Users/peppe/OneDrive/Desktop/lab3/lab3_qm/source/impl_1/lab3_qm.sv=verilog,work,System Verilog"
"C:/Users/peppe/OneDrive/Desktop/lab3/lab3_qm/source/impl_1/seven_segment_display.sv=verilog,work,System Verilog"
"C:/Users/peppe/OneDrive/Desktop/lab3/lab3_qm/source/impl_1/seven_segment_display_multiplexer.sv=verilog,work,System Verilog"
"C:/Users/peppe/OneDrive/Desktop/lab3/lab3_qm/source/impl_1/manual_clock_divider.sv=verilog,work,System Verilog"
"C:/Users/peppe/OneDrive/Desktop/lab3/lab3_qm/source/impl_1/key_to_digit_converter_1.sv=verilog,work,System Verilog"
"C:/Users/peppe/OneDrive/Desktop/lab3/lab3_qm/source/impl_1/key_to_digit_converter_2.sv=verilog,work,System Verilog"
"C:/Users/peppe/OneDrive/Desktop/lab3/lab3_qm/source/impl_1/keypad_column_synchronizer.sv=verilog,work,System Verilog"
"C:/Users/peppe/OneDrive/Desktop/lab3/lab3_qm/source/impl_1/keypad_scanner_and_debouncer.sv=verilog,work,System Verilog"
"C:/Users/peppe/OneDrive/Desktop/lab3/lab3_qm/source/impl_1/keypad_scanner_and_debouncer_testbench.sv=verilog,work"
